\BOOKMARK [1][-]{section.1}{\376\377\000P\000a\000r\000t\000\040\000A\000:\000\040\000U\000n\000d\000e\000r\000s\000t\000a\000n\000d\000\040\000t\000h\000e\000\040\000m\000e\000t\000h\000o\000d\000s\000\040\000a\000n\000d\000\040\000c\000o\000n\000n\000e\000c\000t\000\040\000p\000a\000p\000e\000r\000\040\000t\000o\000\040\000c\000o\000d\000e}{}% 1
\BOOKMARK [2][-]{subsection.1.1}{\376\377\000T\000h\000e\000\040\000t\000h\000r\000e\000e\000\040\000l\000e\000a\000r\000n\000i\000n\000g\000\040\000i\000d\000e\000a\000s}{section.1}% 2
\BOOKMARK [3][-]{subsubsection.1.1.1}{\376\377\000T\000-\000L\000o\000s\000s\000\040\000\050\000F\000r\000a\000n\000c\000e\000s\000c\000h\000i\000\040\000e\000t\000\040\000a\000l\000.\000,\000\040\000N\000e\000u\000r\000I\000P\000S\000\040\0002\0000\0001\0009\000\051}{subsection.1.1}% 3
\BOOKMARK [3][-]{subsubsection.1.1.2}{\376\377\000T\000S\0002\000V\000e\000c\000\040\000\050\000Y\000u\000e\000\040\000e\000t\000\040\000a\000l\000.\000,\000\040\000A\000A\000A\000I\000\040\0002\0000\0002\0002\000\051}{subsection.1.1}% 4
\BOOKMARK [3][-]{subsubsection.1.1.3}{\376\377\000T\000F\000-\000C\000\040\000\050\000Z\000h\000a\000n\000g\000\040\000e\000t\000\040\000a\000l\000.\000,\000\040\000N\000e\000u\000r\000I\000P\000S\000\040\0002\0000\0002\0002\000\051}{subsection.1.1}% 5
\BOOKMARK [2][-]{subsection.1.2}{\376\377\000C\000o\000m\000p\000a\000r\000i\000s\000o\000n\000\040\000o\000f\000\040\000t\000h\000e\000\040\000t\000h\000r\000e\000e\000\040\000o\000b\000j\000e\000c\000t\000i\000v\000e\000s}{section.1}% 6
\BOOKMARK [2][-]{subsection.1.3}{\376\377\000P\000a\000p\000e\000r\000-\000t\000o\000-\000c\000o\000d\000e\000\040\000m\000a\000p}{section.1}% 7
\BOOKMARK [3][-]{subsubsection.1.3.1}{\376\377\000T\000-\000L\000o\000s\000s}{subsection.1.3}% 8
\BOOKMARK [3][-]{subsubsection.1.3.2}{\376\377\000T\000S\0002\000V\000e\000c}{subsection.1.3}% 9
\BOOKMARK [3][-]{subsubsection.1.3.3}{\376\377\000T\000F\000-\000C}{subsection.1.3}% 10
\BOOKMARK [3][-]{subsubsection.1.3.4}{\376\377\000F\000o\000l\000l\000o\000w\000i\000n\000g\000\040\000o\000n\000e\000\040\000T\000F\000-\000C\000\040\000b\000a\000t\000c\000h\000\040\000t\000h\000r\000o\000u\000g\000h\000\040\000t\000h\000e\000\040\000p\000i\000p\000e\000l\000i\000n\000e}{subsection.1.3}% 11
\BOOKMARK [1][-]{section.2}{\376\377\000P\000a\000r\000t\000\040\000B\000:\000\040\000R\000a\000w\000-\000s\000i\000g\000n\000a\000l\000\040\000b\000a\000s\000e\000l\000i\000n\000e\000s}{}% 12
\BOOKMARK [2][-]{subsection.2.1}{\376\377\000P\000r\000o\000t\000o\000c\000o\000l}{section.2}% 13
\BOOKMARK [2][-]{subsection.2.2}{\376\377\000R\000e\000s\000u\000l\000t\000s}{section.2}% 14
\BOOKMARK [2][-]{subsection.2.3}{\376\377\000C\000o\000m\000m\000e\000n\000t\000s}{section.2}% 15
\BOOKMARK [1][-]{section.3}{\376\377\000P\000a\000r\000t\000\040\000C\000:\000\040\000P\000r\000e\000t\000r\000a\000i\000n\000\040\000a\000n\000d\000\040\000e\000v\000a\000l\000u\000a\000t\000e\000\040\000T\000-\000L\000o\000s\000s\000\040\000a\000n\000d\000\040\000T\000S\0002\000V\000e\000c}{}% 16
\BOOKMARK [2][-]{subsection.3.1}{\376\377\000P\000r\000o\000t\000o\000c\000o\000l}{section.3}% 17
\BOOKMARK [2][-]{subsection.3.2}{\376\377\000R\000e\000s\000u\000l\000t\000s}{section.3}% 18
\BOOKMARK [2][-]{subsection.3.3}{\376\377\000C\000o\000m\000p\000a\000r\000i\000s\000o\000n\000\040\000w\000i\000t\000h\000\040\000t\000h\000e\000\040\000r\000a\000w\000-\000s\000i\000g\000n\000a\000l\000\040\000b\000a\000s\000e\000l\000i\000n\000e\000s}{section.3}% 19
\BOOKMARK [2][-]{subsection.3.4}{\376\377\000T\000r\000a\000i\000n\000i\000n\000g\000\040\000t\000i\000m\000e\000\040\000a\000n\000d\000\040\000r\000e\000p\000r\000e\000s\000e\000n\000t\000a\000t\000i\000o\000n\000\040\000d\000i\000m\000e\000n\000s\000i\000o\000n\000a\000l\000i\000t\000y}{section.3}% 20
\BOOKMARK [1][-]{section.4}{\376\377\000P\000a\000r\000t\000\040\000D\000:\000\040\000R\000o\000b\000u\000s\000t\000n\000e\000s\000s\000\040\000t\000o\000\040\000c\000o\000n\000t\000i\000g\000u\000o\000u\000s\000\040\000s\000e\000n\000s\000o\000r\000\040\000d\000r\000o\000p\000o\000u\000t}{}% 21
\BOOKMARK [2][-]{subsection.4.1}{\376\377\000C\000o\000r\000r\000u\000p\000t\000i\000o\000n\000\040\000d\000e\000s\000i\000g\000n}{section.4}% 22
\BOOKMARK [2][-]{subsection.4.2}{\376\377\000R\000e\000s\000u\000l\000t\000s\000\040\000\050\0001\0000\0000\000\045\000-\000l\000a\000b\000e\000l\000\040\000m\000o\000d\000e\000l\000s\000\051}{section.4}% 23
\BOOKMARK [2][-]{subsection.4.3}{\376\377\000D\000i\000s\000c\000u\000s\000s\000i\000o\000n}{section.4}% 24
\BOOKMARK [1][-]{section.5}{\376\377\000P\000a\000r\000t\000\040\000E\000:\000\040\000F\000o\000c\000u\000s\000e\000d\000\040\000T\000S\0002\000V\000e\000c\000\040\000c\000o\000n\000t\000i\000n\000u\000o\000u\000s\000\040\000m\000a\000s\000k\000i\000n\000g\000\040\000a\000b\000l\000a\000t\000i\000o\000n}{}% 25
\BOOKMARK [2][-]{subsection.5.1}{\376\377\000S\000e\000t\000u\000p}{section.5}% 26
\BOOKMARK [2][-]{subsection.5.2}{\376\377\000R\000e\000s\000u\000l\000t\000s}{section.5}% 27
\BOOKMARK [2][-]{subsection.5.3}{\376\377\000I\000n\000t\000e\000r\000p\000r\000e\000t\000a\000t\000i\000o\000n}{section.5}% 28
\BOOKMARK [1][-]{section.6}{\376\377\000P\000a\000r\000t\000\040\000F\000:\000\040\000T\000F\000-\000C\000\040\000f\000o\000r\000\040\000i\000n\000d\000u\000s\000t\000r\000i\000a\000l\000\040\000b\000e\000a\000r\000i\000n\000g\000\040\000f\000a\000u\000l\000t\000\040\000c\000l\000a\000s\000s\000i\000f\000i\000c\000a\000t\000i\000o\000n\000\040\000\050\000F\000D\000-\000A\000\040\000t\000o\000\040\000F\000D\000-\000B\000\051}{}% 29
\BOOKMARK [2][-]{subsection.6.1}{\376\377\000E\000x\000e\000c\000u\000t\000i\000o\000n\000\040\000r\000e\000c\000o\000r\000d}{section.6}% 30
\BOOKMARK [2][-]{subsection.6.2}{\376\377\000C\000l\000a\000s\000s\000i\000f\000i\000c\000a\000t\000i\000o\000n\000\040\000r\000e\000s\000u\000l\000t}{section.6}% 31
\BOOKMARK [2][-]{subsection.6.3}{\376\377\000W\000h\000a\000t\000\040\000w\000a\000s\000\040\000t\000r\000a\000n\000s\000f\000e\000r\000r\000e\000d\000,\000\040\000w\000h\000e\000r\000e\000\040\000l\000a\000b\000e\000l\000s\000\040\000e\000n\000t\000e\000r\000e\000d\000,\000\040\000a\000n\000d\000\040\000e\000n\000c\000o\000d\000e\000r\000\040\000s\000t\000a\000t\000u\000s}{section.6}% 32
\BOOKMARK [2][-]{subsection.6.4}{\376\377\000M\000a\000t\000e\000r\000i\000a\000l\000\040\000d\000i\000f\000f\000e\000r\000e\000n\000c\000e\000s\000\040\000b\000e\000t\000w\000e\000e\000n\000\040\000t\000h\000e\000\040\000p\000a\000p\000e\000r\000'\000s\000\040\000p\000r\000o\000t\000o\000c\000o\000l\000\040\000a\000n\000d\000\040\000t\000h\000e\000\040\000s\000u\000p\000p\000l\000i\000e\000d\000\040\000e\000x\000e\000c\000u\000t\000i\000o\000n\000\040\000p\000a\000t\000h}{section.6}% 33
\BOOKMARK [1][-]{section.7}{\376\377\000P\000a\000r\000t\000\040\000G\000:\000\040\000S\000y\000n\000t\000h\000e\000s\000i\000s}{}% 34
\BOOKMARK [2][-]{subsection.7.1}{\376\377\000W\000h\000e\000n\000\040\000S\000S\000L\000\040\000p\000r\000o\000v\000i\000d\000e\000s\000\040\000a\000\040\000u\000s\000e\000f\000u\000l\000\040\000r\000e\000p\000r\000e\000s\000e\000n\000t\000a\000t\000i\000o\000n\000\040\000a\000n\000d\000\040\000w\000h\000e\000n\000\040\000r\000a\000w\000\040\000n\000o\000n\000l\000i\000n\000e\000a\000r\000\040\000c\000l\000a\000s\000s\000i\000f\000i\000c\000a\000t\000i\000o\000n\000\040\000r\000e\000m\000a\000i\000n\000s\000\040\000c\000o\000m\000p\000e\000t\000i\000t\000i\000v\000e}{section.7}% 35
\BOOKMARK [2][-]{subsection.7.2}{\376\377\000W\000h\000e\000t\000h\000e\000r\000\040\000t\000h\000e\000\040\000e\000f\000f\000e\000c\000t\000\040\000o\000f\000\040\000S\000S\000L\000\040\000b\000e\000c\000o\000m\000e\000s\000\040\000c\000l\000e\000a\000r\000e\000r\000\040\000w\000i\000t\000h\000\040\000o\000n\000l\000y\000\040\0001\0000\000\045\000\040\000l\000a\000b\000e\000l\000s}{section.7}% 36
\BOOKMARK [2][-]{subsection.7.3}{\376\377\000S\000t\000a\000b\000i\000l\000i\000t\000y\000\040\000o\000f\000\040\000c\000o\000n\000c\000l\000u\000s\000i\000o\000n\000s\000\040\000a\000c\000r\000o\000s\000s\000\040\000t\000h\000e\000\040\000p\000a\000i\000r\000e\000d\000\040\000s\000e\000e\000d\000s}{section.7}% 37
\BOOKMARK [2][-]{subsection.7.4}{\376\377\000R\000o\000l\000e\000\040\000o\000f\000\040\000d\000a\000t\000a\000s\000e\000t\000\040\000s\000i\000z\000e\000,\000\040\000d\000i\000m\000e\000n\000s\000i\000o\000n\000a\000l\000i\000t\000y\000\040\000a\000n\000d\000\040\000n\000u\000m\000b\000e\000r\000\040\000o\000f\000\040\000c\000l\000a\000s\000s\000e\000s}{section.7}% 38
\BOOKMARK [2][-]{subsection.7.5}{\376\377\000W\000h\000e\000t\000h\000e\000r\000\040\000c\000o\000n\000t\000i\000n\000u\000o\000u\000s\000\040\000m\000a\000s\000k\000i\000n\000g\000\040\000i\000m\000p\000r\000o\000v\000e\000s\000\040\000a\000c\000c\000u\000r\000a\000c\000y\000,\000\040\000r\000o\000b\000u\000s\000t\000n\000e\000s\000s\000,\000\040\000b\000o\000t\000h\000\040\000o\000r\000\040\000n\000e\000i\000t\000h\000e\000r}{section.7}% 39
\BOOKMARK [2][-]{subsection.7.6}{\376\377\000W\000h\000a\000t\000\040\000t\000h\000e\000\040\000T\000F\000-\000C\000\040\000b\000e\000a\000r\000i\000n\000g\000\040\000e\000x\000p\000e\000r\000i\000m\000e\000n\000t\000\040\000s\000h\000o\000w\000s\000\040\000a\000b\000o\000u\000t\000\040\000t\000r\000a\000n\000s\000f\000e\000r\000\040\000b\000e\000t\000w\000e\000e\000n\000\040\000o\000p\000e\000r\000a\000t\000i\000n\000g\000\040\000c\000o\000n\000d\000i\000t\000i\000o\000n\000s}{section.7}% 40
\BOOKMARK [2][-]{subsection.7.7}{\376\377\000I\000m\000p\000l\000i\000c\000a\000t\000i\000o\000n\000s\000\040\000f\000o\000r\000\040\000f\000u\000t\000u\000r\000e\000\040\000m\000u\000l\000t\000i\000c\000h\000a\000n\000n\000e\000l\000\040\000i\000n\000d\000u\000s\000t\000r\000i\000a\000l\000\040\000s\000e\000n\000s\000o\000r\000\040\000d\000a\000t\000a}{section.7}% 41
\BOOKMARK [1][-]{section.8}{\376\377\000E\000x\000p\000e\000r\000i\000m\000e\000n\000t\000a\000l\000\040\000r\000u\000l\000e\000s\000:\000\040\000c\000o\000m\000p\000l\000i\000a\000n\000c\000e\000\040\000n\000o\000t\000e\000s}{}% 42
\BOOKMARK [1][-]{section.9}{\376\377\000L\000i\000m\000i\000t\000a\000t\000i\000o\000n\000s\000\040\000a\000n\000d\000\040\000c\000o\000n\000c\000l\000u\000s\000i\000o\000n\000s}{}% 43
\BOOKMARK [1][-]{appendix.A}{\376\377\000O\000p\000t\000i\000o\000n\000a\000l\000\040\000e\000x\000t\000e\000n\000s\000i\000o\000n\000:\000\040\000T\000F\000-\000C\000\040\000o\000n\000\040\000F\000o\000r\000d\000A}{}% 44
\BOOKMARK [1][-]{appendix.B}{\376\377\000O\000p\000t\000i\000o\000n\000a\000l\000\040\000e\000x\000t\000e\000n\000s\000i\000o\000n\000:\000\040\000F\000o\000r\000d\000B\000\040\000n\000o\000i\000s\000y\000-\000c\000o\000n\000d\000i\000t\000i\000o\000n\000\040\000e\000x\000p\000e\000r\000i\000m\000e\000n\000t\000s}{}% 45
\BOOKMARK [1][-]{appendix.C}{\376\377\000P\000e\000r\000-\000s\000e\000e\000d\000\040\000r\000e\000s\000u\000l\000t\000s}{}% 46
